CCS PCH C Compiler, Version 5.104, 57077               17-2-26 13:54

               Filename:   C:\Users\rice_\Chiba Institute of Technology\6号機 - ドキュメント\TMP_MIS\02_Software\PIC18_Practice\04_UART2\UART2.lst

               ROM used:   790 bytes (1%)
                           Largest free fragment is 65520
               RAM used:   13 (0%) at main() level
                           16 (0%) worst case
               Stack used: 1 locations
               Stack size: 31

*
00000:  NOP   
00002:  GOTO   010E
.................... /////LED1/////
.................... //#include <18F67J94.h>
.................... #include "UART2.h"
.................... #include <18F67J94.h>
.................... //////////// Standard Header file for the PIC18F67J94 device ////////////////
.................... ///////////////////////////////////////////////////////////////////////////
.................... ////        (C) Copyright 1996, 2020 Custom Computer Services          ////
.................... //// This source code may only be used by licensed users of the CCS C  ////
.................... //// compiler.  This source code may only be distributed to other      ////
.................... //// licensed users of the CCS C compiler.  No other use, reproduction ////
.................... //// or distribution is permitted without written permission.          ////
.................... //// Derivative programs created using this software in object code    ////
.................... //// form are not restricted in any way.                               ////
.................... ///////////////////////////////////////////////////////////////////////////
.................... #device PIC18F67J94
00006:  DATA 0D,0A
00008:  DATA 55,41
0000A:  DATA 52,54
0000C:  DATA 32,20
0000E:  DATA 54,65
00010:  DATA 73,74
00012:  DATA 20,50
00014:  DATA 72,6F
00016:  DATA 67,72
00018:  DATA 61,6D
0001A:  DATA 20,28
0001C:  DATA 4E,6F
0001E:  DATA 6E,2D
00020:  DATA 62,6C
00022:  DATA 6F,63
00024:  DATA 6B,69
00026:  DATA 6E,67
00028:  DATA 29,0D
0002A:  DATA 0A,00
0002C:  DATA 0D,0A
0002E:  DATA 43,6F
00030:  DATA 6D,6D
00032:  DATA 61,6E
00034:  DATA 64,3A
00036:  DATA 20,25
00038:  DATA 63,20
0003A:  DATA 2D,3E
0003C:  DATA 20,00
0003E:  DATA 4D,6F
00040:  DATA 64,65
00042:  DATA 20,41
00044:  DATA 20,28
00046:  DATA 35,30
00048:  DATA 30,6D
0004A:  DATA 73,20
0004C:  DATA 42,6C
0004E:  DATA 69,6E
00050:  DATA 6B,29
00052:  DATA 0D,0A
00054:  DATA 00,00
00056:  DATA 4D,6F
00058:  DATA 64,65
0005A:  DATA 20,42
0005C:  DATA 20,28
0005E:  DATA 32,35
00060:  DATA 30,6D
00062:  DATA 73,20
00064:  DATA 42,6C
00066:  DATA 69,6E
00068:  DATA 6B,29
0006A:  DATA 0D,0A
0006C:  DATA 00,00
0006E:  DATA 4D,6F
00070:  DATA 64,65
00072:  DATA 20,43
00074:  DATA 20,28
00076:  DATA 4F,46
00078:  DATA 46,29
0007A:  DATA 0D,0A
0007C:  DATA 00,00
0007E:  DATA 4C,45
00080:  DATA 44,20
00082:  DATA 4F,4E
00084:  DATA 0D,0A
00086:  DATA 00,00
00088:  DATA 4C,45
0008A:  DATA 44,20
0008C:  DATA 4F,46
0008E:  DATA 46,0D
00090:  DATA 0A,00
00092:  TBLRD*+
00094:  MOVF   FF5,F
00096:  BZ    00BA
00098:  MOVFF  FF6,0C
0009C:  MOVFF  FF7,0D
000A0:  MOVFF  FF8,0E
000A4:  MOVF   FF5,W
000A6:  BTFSS  F9E.4
000A8:  BRA    00A6
000AA:  MOVWF  FAD
000AC:  MOVFF  0C,FF6
000B0:  MOVFF  0D,FF7
000B4:  MOVFF  0E,FF8
000B8:  BRA    0092
000BA:  RETURN 0
000BC:  TBLRD*+
000BE:  MOVFF  FF6,0D
000C2:  MOVFF  FF7,0E
000C6:  MOVFF  FF8,0F
000CA:  MOVF   FF5,W
000CC:  BTFSS  F9E.4
000CE:  BRA    00CC
000D0:  MOVWF  FAD
000D2:  MOVFF  0D,FF6
000D6:  MOVFF  0E,FF7
000DA:  MOVFF  0F,FF8
000DE:  DECFSZ 0C,F
000E0:  BRA    00BC
000E2:  RETURN 0
.................... 
.................... #list
.................... 
.................... #FUSES NOWDT                    //No Watch Dog Timer
.................... #device ADC = 12
.................... #use delay(crystal=16000000)
000E4:  CLRF   FEA
000E6:  MOVLW  0C
000E8:  MOVWF  FE9
000EA:  MOVF   FEF,W
000EC:  BZ    010A
000EE:  MOVLW  05
000F0:  MOVWF  01
000F2:  CLRF   00
000F4:  DECFSZ 00,F
000F6:  BRA    00F4
000F8:  DECFSZ 01,F
000FA:  BRA    00F2
000FC:  MOVLW  2E
000FE:  MOVWF  00
00100:  DECFSZ 00,F
00102:  BRA    0100
00104:  BRA    0106
00106:  DECFSZ FEF,F
00108:  BRA    00EE
0010A:  GOTO   02F0 (RETURN)
.................... 
.................... 
.................... 
.................... 
.................... 
.................... #pin_select U1TX = PIN_F7
.................... #pin_select U1RX = PIN_F5
.................... #use rs232(baud=9600, UART1, parity=N,bits=8,stream=PORT1)
.................... 
.................... #pin_select U2TX = PIN_D3
.................... #pin_select U2RX =    PIN_D2
.................... #use rs232(baud=9600, UART2, parity=N,bits=8,stream=PORT2)
.................... 
.................... #pin_select U3TX = PIN_E5
.................... #pin_select U3RX = PIN_E4
.................... #use rs232(baud=9600, UART3, parity=N,bits=8,stream=PORT3)
.................... 
.................... #pin_select U4TX = PIN_E3
.................... #pin_select U4RX = PIN_F2
.................... #use rs232(baud=9600, UART4, parity=N,bits=8,stream=PORT4)
.................... 
.................... #define SPI1_CS PIN_A2
.................... #use spi (MASTER, CLK = PIN_A3, DI = PIN_A0, DO = PIN_A1,BAUD=1000000, MODE=0, BITS=8, STREAM=SPI1)
.................... 
.................... #define SPI2_CS PIN_B3
.................... #use spi (MASTER, CLK = PIN_B2, DI = PIN_B5, DO = PIN_B4,BAUD=1000000, MODE=0, BITS=8, STREAM=SPI1)
.................... 
.................... #define SPI3_CS PIN_E2
.................... #use spi (MASTER, CLK = PIN_E1, DI = PIN_E0, DO = PIN_E6,BAUD=1000000, MODE=0, BITS=8, STREAM=SPI1)
.................... 
.................... 
.................... #define DIO_3 PIN_G0
.................... #define DIO_4 PIN_G1
.................... #define DIO_5 PIN_G2
.................... #define DIO_6 PIN_G3
.................... #define DIO_8 PIN_G4
.................... #define DIO_12 PIN_F6
.................... #define DIO_27 PIN_A5
.................... #define DIO_28 PIN_A4
.................... #define DIO_29 PIN_C1
.................... #define DIO_30 PIN_C0
.................... #define DIO_31 PIN_C6
.................... #define DIO_32 PIN_C7
.................... #define DIO_33 PIN_C2
.................... #define DIO_34 PIN_C3
.................... #define DIO_35 PIN_C4
.................... #define DIO_36 PIN_C5
.................... #define DIO_47 PIN_B1
.................... #define DIO_48 PIN_B0
.................... #define DIO_49 PIN_D7
.................... #define DIO_50 PIN_D6
.................... #define DIO_51 PIN_D5
.................... #define DIO_52 PIN_D4
.................... #define DIO_55 PIN_D1
.................... #define DIO_58 PIN_D0
.................... #define DIO_59 PIN_E7
.................... 
.................... 
.................... void main()
0010E:  CLRF   FF8
00110:  BCF    FD0.7
00112:  MOVLB  E
00114:  MOVLW  55
00116:  MOVWF  F7E
00118:  MOVLW  AA
0011A:  MOVWF  F7E
0011C:  BCF    F66.6
0011E:  MOVLW  F8
00120:  MOVWF  x2A
00122:  MOVLW  F5
00124:  MOVWF  x2B
00126:  MOVLW  F8
00128:  MOVWF  x2C
0012A:  MOVLW  F9
0012C:  MOVWF  x2D
0012E:  MOVLW  20
00130:  MOVWF  x1D
00132:  MOVLW  30
00134:  MOVWF  x22
00136:  MOVLW  20
00138:  MOVWF  x24
0013A:  MOVLW  01
0013C:  MOVWF  x25
0013E:  MOVLW  55
00140:  MOVWF  F7E
00142:  MOVLW  AA
00144:  MOVWF  F7E
00146:  BSF    F66.6
00148:  CLRF   F9B
0014A:  CLRF   F64
0014C:  CLRF   F65
0014E:  CLRF   F66
00150:  MOVLW  02
00152:  MOVWF  FD3
00154:  BSF    F67.3
00156:  MOVLW  A0
00158:  MOVWF  FAF
0015A:  MOVLW  01
0015C:  MOVLB  F
0015E:  MOVWF  x30
00160:  MOVLW  A6
00162:  MOVWF  FAC
00164:  MOVLW  90
00166:  MOVWF  FAB
00168:  BSF    x31.3
0016A:  MOVLW  A0
0016C:  MOVWF  x1F
0016E:  MOVLW  01
00170:  MOVWF  x20
00172:  MOVLW  A6
00174:  MOVWF  x32
00176:  MOVLW  90
00178:  MOVWF  x33
0017A:  BSF    x2D.3
0017C:  MOVLW  A0
0017E:  MOVWF  x2B
00180:  MOVLW  01
00182:  MOVWF  x2C
00184:  MOVLW  A6
00186:  MOVWF  x2E
00188:  MOVLW  90
0018A:  MOVWF  x2F
0018C:  MOVLB  E
0018E:  BSF    xFD.3
00190:  MOVLW  A0
00192:  MOVWF  xFB
00194:  MOVLW  01
00196:  MOVWF  xFC
00198:  MOVLW  A6
0019A:  MOVWF  xFE
0019C:  MOVLW  90
0019E:  MOVWF  xFF
001A0:  BSF    F92.0
001A2:  BCF    F92.1
001A4:  BCF    F92.3
001A6:  BCF    F89.3
001A8:  BSF    F93.5
001AA:  BCF    F93.4
001AC:  BCF    F93.2
001AE:  BCF    F8A.2
001B0:  BSF    F96.0
001B2:  BCF    F96.6
001B4:  BCF    F96.1
001B6:  BCF    F8D.1
001B8:  CLRF   05
001BA:  CLRF   04
001BC:  CLRF   xD9
001BE:  CLRF   xDA
001C0:  CLRF   xCE
001C2:  CLRF   xCF
001C4:  CLRF   xD0
001C6:  CLRF   xD1
001C8:  CLRF   xD2
001CA:  CLRF   xD3
001CC:  CLRF   xD4
001CE:  CLRF   xD5
001D0:  CLRF   x45
001D2:  CLRF   x46
001D4:  CLRF   x47
001D6:  BCF    x8D.7
001D8:  BCF    x8D.6
001DA:  BCF    x8D.5
001DC:  MOVLB  F
001DE:  CLRF   x53
001E0:  CLRF   x38
001E2:  CLRF   x37
001E4:  BCF    07.0
001E6:  CLRF   09
001E8:  CLRF   08
001EA:  CLRF   0B
001EC:  CLRF   0A
001EE:  BCF    07.1
.................... {
....................     char command;
....................     int1 is_blinking = 0;
....................     int16 blink_interval = 0;
....................     int16 time_counter = 0;
....................     int1 led_current_state = 0;
.................... 
....................     fprintf(PORT1, "\r\nUART2 Test Program (Non-blocking)\r\n");
001F0:  MOVLW  06
001F2:  MOVWF  FF6
001F4:  MOVLW  00
001F6:  MOVWF  FF7
001F8:  MOVLW  00
001FA:  MOVWF  FF8
001FC:  MOVLB  0
001FE:  RCALL  0092
.................... 
....................     while (TRUE)
....................     {
....................         if (kbhit(PORT1))
00200:  BTFSS  F9E.5
00202:  BRA    02A6
....................         {
....................             command = getc(PORT1);
00204:  BTFSS  F9E.5
00206:  BRA    0204
00208:  MOVFF  FAE,06
....................             fprintf(PORT1, "\r\nCommand: %c -> ", command);
0020C:  MOVLW  2C
0020E:  MOVWF  FF6
00210:  MOVLW  00
00212:  MOVWF  FF7
00214:  MOVLW  00
00216:  MOVWF  FF8
00218:  MOVLW  0B
0021A:  MOVWF  0C
0021C:  RCALL  00BC
0021E:  MOVF   06,W
00220:  BTFSS  F9E.4
00222:  BRA    0220
00224:  MOVWF  FAD
00226:  MOVLW  39
00228:  MOVWF  FF6
0022A:  MOVLW  00
0022C:  MOVWF  FF7
0022E:  MOVLW  00
00230:  MOVWF  FF8
00232:  MOVLW  04
00234:  MOVWF  0C
00236:  RCALL  00BC
.................... 
....................             if (command == 'a')
00238:  MOVF   06,W
0023A:  SUBLW  61
0023C:  BNZ   0262
....................             {
....................                 is_blinking = 1;
0023E:  BSF    07.0
....................                 blink_interval = 500;
00240:  MOVLW  01
00242:  MOVWF  09
00244:  MOVLW  F4
00246:  MOVWF  08
....................                 time_counter = 0;
00248:  CLRF   0B
0024A:  CLRF   0A
....................                 led_current_state = 1;
0024C:  BSF    07.1
....................                 output_high(DIO_3);
0024E:  BCF    F98.0
00250:  BSF    F8F.0
....................                 fprintf(PORT1, "Mode A (500ms Blink)\r\n");
00252:  MOVLW  3E
00254:  MOVWF  FF6
00256:  MOVLW  00
00258:  MOVWF  FF7
0025A:  MOVLW  00
0025C:  MOVWF  FF8
0025E:  RCALL  0092
....................             }
00260:  BRA    02A6
....................             else if (command == 'b')
00262:  MOVF   06,W
00264:  SUBLW  62
00266:  BNZ   028A
....................             {
....................                 is_blinking = 1;
00268:  BSF    07.0
....................                 blink_interval = 250;
0026A:  CLRF   09
0026C:  MOVLW  FA
0026E:  MOVWF  08
....................                 time_counter = 0;
00270:  CLRF   0B
00272:  CLRF   0A
....................                 led_current_state = 1;
00274:  BSF    07.1
....................                 output_high(DIO_3);
00276:  BCF    F98.0
00278:  BSF    F8F.0
....................                 fprintf(PORT1, "Mode B (250ms Blink)\r\n");
0027A:  MOVLW  56
0027C:  MOVWF  FF6
0027E:  MOVLW  00
00280:  MOVWF  FF7
00282:  MOVLW  00
00284:  MOVWF  FF8
00286:  RCALL  0092
....................             }
00288:  BRA    02A6
....................             else if (command == 'c')
0028A:  MOVF   06,W
0028C:  SUBLW  63
0028E:  BNZ   02A6
....................             {
....................                 is_blinking = 0;
00290:  BCF    07.0
....................                 output_low(DIO_3);
00292:  BCF    F98.0
00294:  BCF    F8F.0
....................                 led_current_state = 0;
00296:  BCF    07.1
....................                 fprintf(PORT1, "Mode C (OFF)\r\n");
00298:  MOVLW  6E
0029A:  MOVWF  FF6
0029C:  MOVLW  00
0029E:  MOVWF  FF7
002A0:  MOVLW  00
002A2:  MOVWF  FF8
002A4:  RCALL  0092
....................             }
....................         }
.................... 
....................         if (is_blinking == 1)
002A6:  BTFSS  07.0
002A8:  BRA    02EA
....................         {
.................... 
....................             if (time_counter >= blink_interval)
002AA:  MOVF   09,W
002AC:  SUBWF  0B,W
002AE:  BNC   02EA
002B0:  BNZ   02B8
002B2:  MOVF   08,W
002B4:  SUBWF  0A,W
002B6:  BNC   02EA
....................             {
....................                 time_counter = 0;
002B8:  CLRF   0B
002BA:  CLRF   0A
.................... 
....................                 if (led_current_state == 0)
002BC:  BTFSC  07.1
002BE:  BRA    02D6
....................                 {
....................                     fprintf(PORT1, "LED ON\r\n");
002C0:  MOVLW  7E
002C2:  MOVWF  FF6
002C4:  MOVLW  00
002C6:  MOVWF  FF7
002C8:  MOVLW  00
002CA:  MOVWF  FF8
002CC:  RCALL  0092
....................                     output_high(DIO_3);
002CE:  BCF    F98.0
002D0:  BSF    F8F.0
....................                     led_current_state = 1;
002D2:  BSF    07.1
....................                 }
002D4:  BRA    02EA
....................                 else
....................                 {
....................                     fprintf(PORT1, "LED OFF\r\n");
002D6:  MOVLW  88
002D8:  MOVWF  FF6
002DA:  MOVLW  00
002DC:  MOVWF  FF7
002DE:  MOVLW  00
002E0:  MOVWF  FF8
002E2:  RCALL  0092
....................                     output_low(DIO_3);
002E4:  BCF    F98.0
002E6:  BCF    F8F.0
....................                     led_current_state = 0;
002E8:  BCF    07.1
....................                 }
....................             }
....................         }
.................... 
....................         delay_ms(1);
002EA:  MOVLW  01
002EC:  MOVWF  0C
002EE:  BRA    00E4
....................         time_counter++;
002F0:  INCF   0A,F
002F2:  BTFSC  FD8.2
002F4:  INCF   0B,F
.................... 
....................         if(time_counter > 32000) time_counter = blink_interval + 1;
002F6:  MOVF   0B,W
002F8:  SUBLW  7C
002FA:  BC    0312
002FC:  XORLW  FF
002FE:  BNZ   0306
00300:  MOVF   0A,W
00302:  SUBLW  00
00304:  BC    0312
00306:  MOVLW  01
00308:  ADDWF  08,W
0030A:  MOVWF  0A
0030C:  MOVLW  00
0030E:  ADDWFC 09,W
00310:  MOVWF  0B
00312:  BRA    0200
....................     }
.................... }
00314:  SLEEP 

Configuration Fuses:
   Word  1: F7A0   STVREN NOXINST NODEBUG BROWNOUT_SW BORV18 NOPROTECT
   Word  2: FF82   PR SOSC_DIG NOCLOCKOUT IESO NOPLL
   Word  3: F032   HS
   Word  4: F7FF   WPFP WPDIS WPEND NOWPCFG
   Word  5: FF03   T5G_IS_T5G CINA_DEFAULT IOL1WAY LS48MHZ MSSP2MSK7 MSSPMSK7
   Word  6: FCFF   WDTWIN_25% WDTCLK_FRC WDT32768 NOWDT WINDIS WPRES128
   Word  7: F01D   NOVREGSLEEP VBATBOR DSBOR DS_SW
   Word  8: F3F8   DSWDT_25DAYS NODSWDT DSWDTOSC_INT
