CCS PCH C Compiler, Version 5.104, 57077               17-2-26 16:15

               Filename:   C:\Users\rice_\Chiba Institute of Technology\6号機 - ドキュメント\TMP_MIS\02_Software\PIC18_Practice\04_UART2\UART2.lst

               ROM used:   1028 bytes (1%)
                           Largest free fragment is 65520
               RAM used:   13 (0%) at main() level
                           16 (0%) worst case
               Stack used: 1 locations
               Stack size: 31

*
00000:  NOP   
00002:  GOTO   01B6
.................... /////LED1/////
.................... //#include <18F67J94.h>
.................... #include "UART2.h"
.................... #include <18F67J94.h>
.................... //////////// Standard Header file for the PIC18F67J94 device ////////////////
.................... ///////////////////////////////////////////////////////////////////////////
.................... ////        (C) Copyright 1996, 2020 Custom Computer Services          ////
.................... //// This source code may only be used by licensed users of the CCS C  ////
.................... //// compiler.  This source code may only be distributed to other      ////
.................... //// licensed users of the CCS C compiler.  No other use, reproduction ////
.................... //// or distribution is permitted without written permission.          ////
.................... //// Derivative programs created using this software in object code    ////
.................... //// form are not restricted in any way.                               ////
.................... ///////////////////////////////////////////////////////////////////////////
.................... #device PIC18F67J94
00006:  DATA 0D,0A
00008:  DATA 55,41
0000A:  DATA 52,54
0000C:  DATA 32,20
0000E:  DATA 54,65
00010:  DATA 73,74
00012:  DATA 20,50
00014:  DATA 72,6F
00016:  DATA 67,72
00018:  DATA 61,6D
0001A:  DATA 0D,0A
0001C:  DATA 00,00
0001E:  DATA 48,65
00020:  DATA 6C,6C
00022:  DATA 6F,20
00024:  DATA 57,6F
00026:  DATA 72,6C
00028:  DATA 64,0D
0002A:  DATA 0A,00
0002C:  DATA 0D,0A
0002E:  DATA 55,41
00030:  DATA 52,54
00032:  DATA 32,20
00034:  DATA 54,65
00036:  DATA 73,74
00038:  DATA 20,50
0003A:  DATA 72,6F
0003C:  DATA 67,72
0003E:  DATA 61,6D
00040:  DATA 0D,0A
00042:  DATA 00,00
00044:  DATA 48,65
00046:  DATA 6C,6C
00048:  DATA 6F,20
0004A:  DATA 57,6F
0004C:  DATA 72,6C
0004E:  DATA 64,0D
00050:  DATA 0A,00
00052:  DATA 0D,0A
00054:  DATA 55,41
00056:  DATA 52,54
00058:  DATA 32,20
0005A:  DATA 54,65
0005C:  DATA 73,74
0005E:  DATA 20,50
00060:  DATA 72,6F
00062:  DATA 67,72
00064:  DATA 61,6D
00066:  DATA 0D,0A
00068:  DATA 00,00
0006A:  DATA 48,65
0006C:  DATA 6C,6C
0006E:  DATA 6F,20
00070:  DATA 57,6F
00072:  DATA 72,6C
00074:  DATA 64,0D
00076:  DATA 0A,00
00078:  DATA 0D,0A
0007A:  DATA 43,6F
0007C:  DATA 6D,6D
0007E:  DATA 61,6E
00080:  DATA 64,3A
00082:  DATA 20,25
00084:  DATA 63,20
00086:  DATA 2D,3E
00088:  DATA 20,00
0008A:  DATA 4D,6F
0008C:  DATA 64,65
0008E:  DATA 20,41
00090:  DATA 20,28
00092:  DATA 35,30
00094:  DATA 30,6D
00096:  DATA 73,20
00098:  DATA 42,6C
0009A:  DATA 69,6E
0009C:  DATA 6B,29
0009E:  DATA 0D,0A
000A0:  DATA 00,00
000A2:  DATA 4D,6F
000A4:  DATA 64,65
000A6:  DATA 20,42
000A8:  DATA 20,28
000AA:  DATA 32,35
000AC:  DATA 30,6D
000AE:  DATA 73,20
000B0:  DATA 42,6C
000B2:  DATA 69,6E
000B4:  DATA 6B,29
000B6:  DATA 0D,0A
000B8:  DATA 00,00
000BA:  DATA 4D,6F
000BC:  DATA 64,65
000BE:  DATA 20,43
000C0:  DATA 20,28
000C2:  DATA 4F,46
000C4:  DATA 46,29
000C6:  DATA 0D,0A
000C8:  DATA 00,00
000CA:  DATA 4C,45
000CC:  DATA 44,20
000CE:  DATA 4F,4E
000D0:  DATA 0D,0A
000D2:  DATA 00,00
000D4:  DATA 4C,45
000D6:  DATA 44,20
000D8:  DATA 4F,46
000DA:  DATA 46,0D
000DC:  DATA 0A,00
000DE:  TBLRD*+
000E0:  MOVF   FF5,F
000E2:  BZ    0106
000E4:  MOVFF  FF6,0C
000E8:  MOVFF  FF7,0D
000EC:  MOVFF  FF8,0E
000F0:  MOVF   FF5,W
000F2:  BTFSS  F9E.4
000F4:  BRA    00F2
000F6:  MOVWF  FAD
000F8:  MOVFF  0C,FF6
000FC:  MOVFF  0D,FF7
00100:  MOVFF  0E,FF8
00104:  BRA    00DE
00106:  RETURN 0
00108:  TBLRD*+
0010A:  MOVF   FF5,F
0010C:  BZ    0134
0010E:  MOVFF  FF6,0C
00112:  MOVFF  FF7,0D
00116:  MOVFF  FF8,0E
0011A:  MOVF   FF5,W
0011C:  BTFSS  FA4.4
0011E:  BRA    011C
00120:  MOVLB  F
00122:  MOVWF  x1D
00124:  MOVFF  0C,FF6
00128:  MOVFF  0D,FF7
0012C:  MOVFF  0E,FF8
00130:  MOVLB  0
00132:  BRA    0108
00134:  RETURN 0
00136:  TBLRD*+
00138:  MOVF   FF5,F
0013A:  BZ    0162
0013C:  MOVFF  FF6,0C
00140:  MOVFF  FF7,0D
00144:  MOVFF  FF8,0E
00148:  MOVF   FF5,W
0014A:  BTFSS  FA6.4
0014C:  BRA    014A
0014E:  MOVLB  F
00150:  MOVWF  x29
00152:  MOVFF  0C,FF6
00156:  MOVFF  0D,FF7
0015A:  MOVFF  0E,FF8
0015E:  MOVLB  0
00160:  BRA    0136
00162:  RETURN 0
00164:  TBLRD*+
00166:  MOVFF  FF6,0D
0016A:  MOVFF  FF7,0E
0016E:  MOVFF  FF8,0F
00172:  MOVF   FF5,W
00174:  BTFSS  F9E.4
00176:  BRA    0174
00178:  MOVWF  FAD
0017A:  MOVFF  0D,FF6
0017E:  MOVFF  0E,FF7
00182:  MOVFF  0F,FF8
00186:  DECFSZ 0C,F
00188:  BRA    0164
0018A:  RETURN 0
.................... 
.................... #list
.................... 
.................... #FUSES NOWDT                    //No Watch Dog Timer
.................... #device ADC = 12
.................... #use delay(crystal=16000000)
0018C:  CLRF   FEA
0018E:  MOVLW  0C
00190:  MOVWF  FE9
00192:  MOVF   FEF,W
00194:  BZ    01B2
00196:  MOVLW  05
00198:  MOVWF  01
0019A:  CLRF   00
0019C:  DECFSZ 00,F
0019E:  BRA    019C
001A0:  DECFSZ 01,F
001A2:  BRA    019A
001A4:  MOVLW  2E
001A6:  MOVWF  00
001A8:  DECFSZ 00,F
001AA:  BRA    01A8
001AC:  BRA    01AE
001AE:  DECFSZ FEF,F
001B0:  BRA    0196
001B2:  GOTO   03DE (RETURN)
.................... 
.................... 
.................... 
.................... 
.................... 
.................... #pin_select U1TX = PIN_F7
.................... #pin_select U1RX = PIN_F5
.................... #use rs232(baud=9600, UART1, parity=N,bits=8,stream=PORT1)
.................... 
.................... #pin_select U2TX = PIN_D3
.................... #pin_select U2RX = PIN_D2
.................... #use rs232(baud=9600, UART2, parity=N,bits=8,stream=PORT2)
.................... 
.................... #pin_select U3TX = PIN_E5
.................... #pin_select U3RX = PIN_E4
.................... #use rs232(baud=9600, UART3, parity=N,bits=8,stream=PORT3)
.................... 
.................... #pin_select U4TX = PIN_E3
.................... #pin_select U4RX = PIN_F2
.................... #use rs232(baud=9600, UART4, parity=N,bits=8,stream=PORT4)
.................... 
.................... #define SPI1_CS PIN_A2
.................... #use spi (MASTER, CLK = PIN_A3, DI = PIN_A0, DO = PIN_A1,BAUD=1000000, MODE=0, BITS=8, STREAM=SPI1)
.................... 
.................... #define SPI2_CS PIN_B3
.................... #use spi (MASTER, CLK = PIN_B2, DI = PIN_B5, DO = PIN_B4,BAUD=1000000, MODE=0, BITS=8, STREAM=SPI1)
.................... 
.................... #define SPI3_CS PIN_E2
.................... #use spi (MASTER, CLK = PIN_E1, DI = PIN_E0, DO = PIN_E6,BAUD=1000000, MODE=0, BITS=8, STREAM=SPI1)
.................... 
.................... 
.................... #define DIO_3 PIN_G0
.................... #define DIO_4 PIN_G1
.................... #define DIO_5 PIN_G2
.................... #define DIO_6 PIN_G3
.................... #define DIO_8 PIN_G4
.................... #define DIO_12 PIN_F6
.................... #define DIO_27 PIN_A5
.................... #define DIO_28 PIN_A4
.................... #define DIO_29 PIN_C1
.................... #define DIO_30 PIN_C0
.................... #define DIO_31 PIN_C6
.................... #define DIO_32 PIN_C7
.................... #define DIO_33 PIN_C2
.................... #define DIO_34 PIN_C3
.................... #define DIO_35 PIN_C4
.................... #define DIO_36 PIN_C5
.................... #define DIO_47 PIN_B1
.................... #define DIO_48 PIN_B0
.................... #define DIO_49 PIN_D7
.................... #define DIO_50 PIN_D6
.................... #define DIO_51 PIN_D5
.................... #define DIO_52 PIN_D4
.................... #define DIO_55 PIN_D1
.................... #define DIO_58 PIN_D0
.................... #define DIO_59 PIN_E7
.................... 
.................... 
.................... void main()
001B6:  CLRF   FF8
001B8:  BCF    FD0.7
001BA:  MOVLB  E
001BC:  MOVLW  55
001BE:  MOVWF  F7E
001C0:  MOVLW  AA
001C2:  MOVWF  F7E
001C4:  BCF    F66.6
001C6:  MOVLW  F8
001C8:  MOVWF  x2A
001CA:  MOVLW  F5
001CC:  MOVWF  x2B
001CE:  MOVLW  F8
001D0:  MOVWF  x2C
001D2:  MOVLW  F9
001D4:  MOVWF  x2D
001D6:  MOVLW  20
001D8:  MOVWF  x1D
001DA:  MOVLW  30
001DC:  MOVWF  x22
001DE:  MOVLW  20
001E0:  MOVWF  x24
001E2:  MOVLW  01
001E4:  MOVWF  x25
001E6:  MOVLW  55
001E8:  MOVWF  F7E
001EA:  MOVLW  AA
001EC:  MOVWF  F7E
001EE:  BSF    F66.6
001F0:  CLRF   F9B
001F2:  CLRF   F64
001F4:  CLRF   F65
001F6:  CLRF   F66
001F8:  MOVLW  02
001FA:  MOVWF  FD3
001FC:  BSF    F67.3
001FE:  MOVLW  A0
00200:  MOVWF  FAF
00202:  MOVLW  01
00204:  MOVLB  F
00206:  MOVWF  x30
00208:  MOVLW  A6
0020A:  MOVWF  FAC
0020C:  MOVLW  90
0020E:  MOVWF  FAB
00210:  BSF    x31.3
00212:  MOVLW  A0
00214:  MOVWF  x1F
00216:  MOVLW  01
00218:  MOVWF  x20
0021A:  MOVLW  A6
0021C:  MOVWF  x32
0021E:  MOVLW  90
00220:  MOVWF  x33
00222:  BSF    x2D.3
00224:  MOVLW  A0
00226:  MOVWF  x2B
00228:  MOVLW  01
0022A:  MOVWF  x2C
0022C:  MOVLW  A6
0022E:  MOVWF  x2E
00230:  MOVLW  90
00232:  MOVWF  x2F
00234:  MOVLB  E
00236:  BSF    xFD.3
00238:  MOVLW  A0
0023A:  MOVWF  xFB
0023C:  MOVLW  01
0023E:  MOVWF  xFC
00240:  MOVLW  A6
00242:  MOVWF  xFE
00244:  MOVLW  90
00246:  MOVWF  xFF
00248:  BSF    F92.0
0024A:  BCF    F92.1
0024C:  BCF    F92.3
0024E:  BCF    F89.3
00250:  BSF    F93.5
00252:  BCF    F93.4
00254:  BCF    F93.2
00256:  BCF    F8A.2
00258:  BSF    F96.0
0025A:  BCF    F96.6
0025C:  BCF    F96.1
0025E:  BCF    F8D.1
00260:  CLRF   05
00262:  CLRF   04
00264:  CLRF   xD9
00266:  CLRF   xDA
00268:  CLRF   xCE
0026A:  CLRF   xCF
0026C:  CLRF   xD0
0026E:  CLRF   xD1
00270:  CLRF   xD2
00272:  CLRF   xD3
00274:  CLRF   xD4
00276:  CLRF   xD5
00278:  CLRF   x45
0027A:  CLRF   x46
0027C:  CLRF   x47
0027E:  BCF    x8D.7
00280:  BCF    x8D.6
00282:  BCF    x8D.5
00284:  MOVLB  F
00286:  CLRF   x53
00288:  CLRF   x38
0028A:  CLRF   x37
0028C:  BCF    07.0
0028E:  CLRF   09
00290:  CLRF   08
00292:  CLRF   0B
00294:  CLRF   0A
00296:  BCF    07.1
.................... {
....................     char command;
....................     int1 is_blinking = 0;
....................     int16 blink_interval = 0;
....................     int16 time_counter = 0;
....................     int1 led_current_state = 0;
....................     fprintf(PORT1, "\r\nUART2 Test Program\r\n");
00298:  MOVLW  06
0029A:  MOVWF  FF6
0029C:  MOVLW  00
0029E:  MOVWF  FF7
002A0:  MOVLW  00
002A2:  MOVWF  FF8
002A4:  MOVLB  0
002A6:  RCALL  00DE
....................     fprintf(PORT1, "Hello World\r\n");
002A8:  MOVLW  1E
002AA:  MOVWF  FF6
002AC:  MOVLW  00
002AE:  MOVWF  FF7
002B0:  MOVLW  00
002B2:  MOVWF  FF8
002B4:  RCALL  00DE
....................     fprintf(PORT2, "\r\nUART2 Test Program\r\n");
002B6:  MOVLW  2C
002B8:  MOVWF  FF6
002BA:  MOVLW  00
002BC:  MOVWF  FF7
002BE:  MOVLW  00
002C0:  MOVWF  FF8
002C2:  RCALL  0108
....................     fprintf(PORT2, "Hello World\r\n");
002C4:  MOVLW  44
002C6:  MOVWF  FF6
002C8:  MOVLW  00
002CA:  MOVWF  FF7
002CC:  MOVLW  00
002CE:  MOVWF  FF8
002D0:  RCALL  0108
....................     fprintf(PORT3, "\r\nUART2 Test Program\r\n");
002D2:  MOVLW  52
002D4:  MOVWF  FF6
002D6:  MOVLW  00
002D8:  MOVWF  FF7
002DA:  MOVLW  00
002DC:  MOVWF  FF8
002DE:  RCALL  0136
....................     fprintf(PORT3, "Hello World\r\n");
002E0:  MOVLW  6A
002E2:  MOVWF  FF6
002E4:  MOVLW  00
002E6:  MOVWF  FF7
002E8:  MOVLW  00
002EA:  MOVWF  FF8
002EC:  RCALL  0136
....................     
....................     while (TRUE)
....................     {
....................         if (kbhit(PORT1))
002EE:  BTFSS  F9E.5
002F0:  BRA    0394
....................         {
....................             command = getc(PORT1);
002F2:  BTFSS  F9E.5
002F4:  BRA    02F2
002F6:  MOVFF  FAE,06
....................             fprintf(PORT1, "\r\nCommand: %c -> ", command);
002FA:  MOVLW  78
002FC:  MOVWF  FF6
002FE:  MOVLW  00
00300:  MOVWF  FF7
00302:  MOVLW  00
00304:  MOVWF  FF8
00306:  MOVLW  0B
00308:  MOVWF  0C
0030A:  RCALL  0164
0030C:  MOVF   06,W
0030E:  BTFSS  F9E.4
00310:  BRA    030E
00312:  MOVWF  FAD
00314:  MOVLW  85
00316:  MOVWF  FF6
00318:  MOVLW  00
0031A:  MOVWF  FF7
0031C:  MOVLW  00
0031E:  MOVWF  FF8
00320:  MOVLW  04
00322:  MOVWF  0C
00324:  RCALL  0164
....................             if (command == 'a')
00326:  MOVF   06,W
00328:  SUBLW  61
0032A:  BNZ   0350
....................             {
....................                 is_blinking = 1;
0032C:  BSF    07.0
....................                 blink_interval = 500;
0032E:  MOVLW  01
00330:  MOVWF  09
00332:  MOVLW  F4
00334:  MOVWF  08
....................                 time_counter = 0;
00336:  CLRF   0B
00338:  CLRF   0A
....................                 led_current_state = 1;
0033A:  BSF    07.1
....................                 output_high(DIO_3);
0033C:  BCF    F98.0
0033E:  BSF    F8F.0
....................                 fprintf(PORT1, "Mode A (500ms Blink)\r\n");
00340:  MOVLW  8A
00342:  MOVWF  FF6
00344:  MOVLW  00
00346:  MOVWF  FF7
00348:  MOVLW  00
0034A:  MOVWF  FF8
0034C:  RCALL  00DE
....................             }
0034E:  BRA    0394
....................             else if (command == 'b')
00350:  MOVF   06,W
00352:  SUBLW  62
00354:  BNZ   0378
....................             {
....................                 is_blinking = 1;
00356:  BSF    07.0
....................                 blink_interval = 250;
00358:  CLRF   09
0035A:  MOVLW  FA
0035C:  MOVWF  08
....................                 time_counter = 0;
0035E:  CLRF   0B
00360:  CLRF   0A
....................                 led_current_state = 1;
00362:  BSF    07.1
....................                 output_high(DIO_3);
00364:  BCF    F98.0
00366:  BSF    F8F.0
....................                 fprintf(PORT1, "Mode B (250ms Blink)\r\n");
00368:  MOVLW  A2
0036A:  MOVWF  FF6
0036C:  MOVLW  00
0036E:  MOVWF  FF7
00370:  MOVLW  00
00372:  MOVWF  FF8
00374:  RCALL  00DE
....................             }
00376:  BRA    0394
....................             else if (command == 'c')
00378:  MOVF   06,W
0037A:  SUBLW  63
0037C:  BNZ   0394
....................             {
....................                 is_blinking = 0;
0037E:  BCF    07.0
....................                 output_low(DIO_3);
00380:  BCF    F98.0
00382:  BCF    F8F.0
....................                 led_current_state = 0;
00384:  BCF    07.1
....................                 fprintf(PORT1, "Mode C (OFF)\r\n");
00386:  MOVLW  BA
00388:  MOVWF  FF6
0038A:  MOVLW  00
0038C:  MOVWF  FF7
0038E:  MOVLW  00
00390:  MOVWF  FF8
00392:  RCALL  00DE
....................             }
....................         }
....................         if (is_blinking == 1)
00394:  BTFSS  07.0
00396:  BRA    03D8
....................         {
....................             if (time_counter >= blink_interval)
00398:  MOVF   09,W
0039A:  SUBWF  0B,W
0039C:  BNC   03D8
0039E:  BNZ   03A6
003A0:  MOVF   08,W
003A2:  SUBWF  0A,W
003A4:  BNC   03D8
....................             {
....................                 time_counter = 0;
003A6:  CLRF   0B
003A8:  CLRF   0A
....................                 if (led_current_state == 0)
003AA:  BTFSC  07.1
003AC:  BRA    03C4
....................                 {
....................                     fprintf(PORT1, "LED ON\r\n");
003AE:  MOVLW  CA
003B0:  MOVWF  FF6
003B2:  MOVLW  00
003B4:  MOVWF  FF7
003B6:  MOVLW  00
003B8:  MOVWF  FF8
003BA:  RCALL  00DE
....................                     output_high(DIO_3);
003BC:  BCF    F98.0
003BE:  BSF    F8F.0
....................                     led_current_state = 1;
003C0:  BSF    07.1
....................                 }
003C2:  BRA    03D8
....................                 else
....................                 {
....................                     fprintf(PORT1, "LED OFF\r\n");
003C4:  MOVLW  D4
003C6:  MOVWF  FF6
003C8:  MOVLW  00
003CA:  MOVWF  FF7
003CC:  MOVLW  00
003CE:  MOVWF  FF8
003D0:  RCALL  00DE
....................                     output_low(DIO_3);
003D2:  BCF    F98.0
003D4:  BCF    F8F.0
....................                     led_current_state = 0;
003D6:  BCF    07.1
....................                 }
....................             }
....................         }
....................         delay_ms(1);
003D8:  MOVLW  01
003DA:  MOVWF  0C
003DC:  BRA    018C
....................         time_counter++;
003DE:  INCF   0A,F
003E0:  BTFSC  FD8.2
003E2:  INCF   0B,F
....................         if(time_counter > 32000) time_counter = blink_interval + 1;
003E4:  MOVF   0B,W
003E6:  SUBLW  7C
003E8:  BC    0400
003EA:  XORLW  FF
003EC:  BNZ   03F4
003EE:  MOVF   0A,W
003F0:  SUBLW  00
003F2:  BC    0400
003F4:  MOVLW  01
003F6:  ADDWF  08,W
003F8:  MOVWF  0A
003FA:  MOVLW  00
003FC:  ADDWFC 09,W
003FE:  MOVWF  0B
00400:  BRA    02EE
....................     }
.................... }
00402:  SLEEP 

Configuration Fuses:
   Word  1: F7A0   STVREN NOXINST NODEBUG BROWNOUT_SW BORV18 NOPROTECT
   Word  2: FF82   PR SOSC_DIG NOCLOCKOUT IESO NOPLL
   Word  3: F032   HS
   Word  4: F7FF   WPFP WPDIS WPEND NOWPCFG
   Word  5: FF03   T5G_IS_T5G CINA_DEFAULT IOL1WAY LS48MHZ MSSP2MSK7 MSSPMSK7
   Word  6: FCFF   WDTWIN_25% WDTCLK_FRC WDT32768 NOWDT WINDIS WPRES128
   Word  7: F01D   NOVREGSLEEP VBATBOR DSBOR DS_SW
   Word  8: F3F8   DSWDT_25DAYS NODSWDT DSWDTOSC_INT
