CCS PCH C Compiler, Version 5.104, 57077               16-2-26 18:45

               Filename:   C:\Users\Gardens_QFH\Chiba Institute of Technology\6号機 - ドキュメント\TMP_MIS\02_Software\PIC18_Practice\01_LED1\LED1.lst

               ROM used:   396 bytes (0%)
                           Largest free fragment is 65520
               RAM used:   7 (0%) at main() level
                           11 (0%) worst case
               Stack used: 0 locations
               Stack size: 31

*
00000:  NOP   
00002:  GOTO   006E
.................... /////LED1/////
.................... //#include <18F67J94.h>
.................... #include "LED1.h"
.................... #include <18F67J94.h>
.................... //////////// Standard Header file for the PIC18F67J94 device ////////////////
.................... ///////////////////////////////////////////////////////////////////////////
.................... ////        (C) Copyright 1996, 2020 Custom Computer Services          ////
.................... //// This source code may only be used by licensed users of the CCS C  ////
.................... //// compiler.  This source code may only be distributed to other      ////
.................... //// licensed users of the CCS C compiler.  No other use, reproduction ////
.................... //// or distribution is permitted without written permission.          ////
.................... //// Derivative programs created using this software in object code    ////
.................... //// form are not restricted in any way.                               ////
.................... ///////////////////////////////////////////////////////////////////////////
.................... #device PIC18F67J94
00006:  DATA 4C,45
00008:  DATA 44,31
0000A:  DATA 20,6F
0000C:  DATA 6E,0D
0000E:  DATA 0A,00
00010:  DATA 4C,45
00012:  DATA 44,31
00014:  DATA 20,6F
00016:  DATA 66,66
00018:  DATA 0D,0A
0001A:  DATA 00,00
0001C:  TBLRD*+
0001E:  MOVF   FF5,F
00020:  BZ    0044
00022:  MOVFF  FF6,06
00026:  MOVFF  FF7,07
0002A:  MOVFF  FF8,08
0002E:  MOVF   FF5,W
00030:  BTFSS  F9E.4
00032:  BRA    0030
00034:  MOVWF  FAD
00036:  MOVFF  06,FF6
0003A:  MOVFF  07,FF7
0003E:  MOVFF  08,FF8
00042:  BRA    001C
00044:  RETURN 0
.................... 
.................... #list
.................... 
.................... #FUSES NOWDT                    //No Watch Dog Timer
.................... #device ADC = 12
.................... #use delay(crystal=16000000)
00046:  CLRF   FEA
00048:  MOVLW  07
0004A:  MOVWF  FE9
0004C:  MOVF   FEF,W
0004E:  BZ    006C
00050:  MOVLW  05
00052:  MOVWF  01
00054:  CLRF   00
00056:  DECFSZ 00,F
00058:  BRA    0056
0005A:  DECFSZ 01,F
0005C:  BRA    0054
0005E:  MOVLW  2E
00060:  MOVWF  00
00062:  DECFSZ 00,F
00064:  BRA    0062
00066:  BRA    0068
00068:  DECFSZ FEF,F
0006A:  BRA    0050
0006C:  RETURN 0
.................... 
.................... 
.................... 
.................... 
.................... 
.................... #pin_select U1TX = PIN_F7
.................... #pin_select U1RX = PIN_F5
.................... #use rs232(baud=9600, UART1, parity=N,bits=8,stream=PORT1)
.................... 
.................... #pin_select U2TX = PIN_D3
.................... #pin_select U2RX =    PIN_D2
.................... #use rs232(baud=9600, UART2, parity=N,bits=8,stream=PORT2)
.................... 
.................... #pin_select U3TX = PIN_E5
.................... #pin_select U3RX = PIN_E4
.................... #use rs232(baud=9600, UART3, parity=N,bits=8,stream=PORT3)
.................... 
.................... #pin_select U4TX = PIN_E3
.................... #pin_select U4RX = PIN_F2
.................... #use rs232(baud=9600, UART4, parity=N,bits=8,stream=PORT4)
.................... 
.................... #define SPI1_CS PIN_A2
.................... #use spi (MASTER, CLK = PIN_A3, DI = PIN_A0, DO = PIN_A1,BAUD=1000000, MODE=0, BITS=8, STREAM=SPI1)
.................... 
.................... #define SPI2_CS PIN_B3
.................... #use spi (MASTER, CLK = PIN_B2, DI = PIN_B5, DO = PIN_B4,BAUD=1000000, MODE=0, BITS=8, STREAM=SPI1)
.................... 
.................... #define SPI3_CS PIN_E2
.................... #use spi (MASTER, CLK = PIN_E1, DI = PIN_E0, DO = PIN_E6,BAUD=1000000, MODE=0, BITS=8, STREAM=SPI1)
.................... 
.................... 
.................... #define DIO_3 PIN_G0
.................... #define DIO_4 PIN_G1
.................... #define DIO_5 PIN_G2
.................... #define DIO_6 PIN_G3
.................... #define DIO_8 PIN_G4
.................... #define DIO_12 PIN_F6
.................... #define DIO_27 PIN_A5
.................... #define DIO_28 PIN_A4
.................... #define DIO_29 PIN_C1
.................... #define DIO_30 PIN_C0
.................... #define DIO_31 PIN_C6
.................... #define DIO_32 PIN_C7
.................... #define DIO_33 PIN_C2
.................... #define DIO_34 PIN_C3
.................... #define DIO_35 PIN_C4
.................... #define DIO_36 PIN_C5
.................... #define DIO_47 PIN_B1
.................... #define DIO_48 PIN_B0
.................... #define DIO_49 PIN_D7
.................... #define DIO_50 PIN_D6
.................... #define DIO_51 PIN_D5
.................... #define DIO_52 PIN_D4
.................... #define DIO_55 PIN_D1
.................... #define DIO_58 PIN_D0
.................... #define DIO_59 PIN_E7
.................... 
.................... 
.................... void main()
0006E:  CLRF   FF8
00070:  BCF    FD0.7
00072:  MOVLB  E
00074:  MOVLW  55
00076:  MOVWF  F7E
00078:  MOVLW  AA
0007A:  MOVWF  F7E
0007C:  BCF    F66.6
0007E:  MOVLW  F8
00080:  MOVWF  x2A
00082:  MOVLW  F5
00084:  MOVWF  x2B
00086:  MOVLW  F8
00088:  MOVWF  x2C
0008A:  MOVLW  F9
0008C:  MOVWF  x2D
0008E:  MOVLW  20
00090:  MOVWF  x1D
00092:  MOVLW  30
00094:  MOVWF  x22
00096:  MOVLW  20
00098:  MOVWF  x24
0009A:  MOVLW  01
0009C:  MOVWF  x25
0009E:  MOVLW  55
000A0:  MOVWF  F7E
000A2:  MOVLW  AA
000A4:  MOVWF  F7E
000A6:  BSF    F66.6
000A8:  CLRF   F9B
000AA:  CLRF   F64
000AC:  CLRF   F65
000AE:  CLRF   F66
000B0:  MOVLW  02
000B2:  MOVWF  FD3
000B4:  BSF    F67.3
000B6:  MOVLW  A0
000B8:  MOVWF  FAF
000BA:  MOVLW  01
000BC:  MOVLB  F
000BE:  MOVWF  x30
000C0:  MOVLW  A6
000C2:  MOVWF  FAC
000C4:  MOVLW  90
000C6:  MOVWF  FAB
000C8:  BSF    x31.3
000CA:  MOVLW  A0
000CC:  MOVWF  x1F
000CE:  MOVLW  01
000D0:  MOVWF  x20
000D2:  MOVLW  A6
000D4:  MOVWF  x32
000D6:  MOVLW  90
000D8:  MOVWF  x33
000DA:  BSF    x2D.3
000DC:  MOVLW  A0
000DE:  MOVWF  x2B
000E0:  MOVLW  01
000E2:  MOVWF  x2C
000E4:  MOVLW  A6
000E6:  MOVWF  x2E
000E8:  MOVLW  90
000EA:  MOVWF  x2F
000EC:  MOVLB  E
000EE:  BSF    xFD.3
000F0:  MOVLW  A0
000F2:  MOVWF  xFB
000F4:  MOVLW  01
000F6:  MOVWF  xFC
000F8:  MOVLW  A6
000FA:  MOVWF  xFE
000FC:  MOVLW  90
000FE:  MOVWF  xFF
00100:  BSF    F92.0
00102:  BCF    F92.1
00104:  BCF    F92.3
00106:  BCF    F89.3
00108:  BSF    F93.5
0010A:  BCF    F93.4
0010C:  BCF    F93.2
0010E:  BCF    F8A.2
00110:  BSF    F96.0
00112:  BCF    F96.6
00114:  BCF    F96.1
00116:  BCF    F8D.1
00118:  CLRF   05
0011A:  CLRF   04
0011C:  CLRF   xD9
0011E:  CLRF   xDA
00120:  CLRF   xCE
00122:  CLRF   xCF
00124:  CLRF   xD0
00126:  CLRF   xD1
00128:  CLRF   xD2
0012A:  CLRF   xD3
0012C:  CLRF   xD4
0012E:  CLRF   xD5
00130:  CLRF   x45
00132:  CLRF   x46
00134:  CLRF   x47
00136:  BCF    x8D.7
00138:  BCF    x8D.6
0013A:  BCF    x8D.5
0013C:  MOVLB  F
0013E:  CLRF   x53
00140:  CLRF   x38
00142:  CLRF   x37
.................... {
....................     while (TRUE)
....................     {
....................         fprintf(PORT1, "LED1 on\r\n");
00144:  MOVLW  06
00146:  MOVWF  FF6
00148:  MOVLW  00
0014A:  MOVWF  FF7
0014C:  MOVLW  00
0014E:  MOVWF  FF8
00150:  MOVLB  0
00152:  RCALL  001C
....................         output_high(DIO_3);
00154:  BCF    F98.0
00156:  BSF    F8F.0
....................         delay_ms(500);
00158:  MOVLW  02
0015A:  MOVWF  06
0015C:  MOVLW  FA
0015E:  MOVWF  07
00160:  RCALL  0046
00162:  DECFSZ 06,F
00164:  BRA    015C
....................         fprintf(PORT1, "LED1 off\r\n");
00166:  MOVLW  10
00168:  MOVWF  FF6
0016A:  MOVLW  00
0016C:  MOVWF  FF7
0016E:  MOVLW  00
00170:  MOVWF  FF8
00172:  RCALL  001C
....................         output_low(DIO_3);
00174:  BCF    F98.0
00176:  BCF    F8F.0
....................         delay_ms(500);
00178:  MOVLW  02
0017A:  MOVWF  06
0017C:  MOVLW  FA
0017E:  MOVWF  07
00180:  RCALL  0046
00182:  DECFSZ 06,F
00184:  BRA    017C
00186:  MOVLB  F
00188:  BRA    0144
....................     }
.................... 
.................... 
.................... }
0018A:  SLEEP 

Configuration Fuses:
   Word  1: F7A0   STVREN NOXINST NODEBUG BROWNOUT_SW BORV18 NOPROTECT
   Word  2: FF82   PR SOSC_DIG NOCLOCKOUT IESO NOPLL
   Word  3: F032   HS
   Word  4: F7FF   WPFP WPDIS WPEND NOWPCFG
   Word  5: FF03   T5G_IS_T5G CINA_DEFAULT IOL1WAY LS48MHZ MSSP2MSK7 MSSPMSK7
   Word  6: FCFF   WDTWIN_25% WDTCLK_FRC WDT32768 NOWDT WINDIS WPRES128
   Word  7: F01D   NOVREGSLEEP VBATBOR DSBOR DS_SW
   Word  8: F3F8   DSWDT_25DAYS NODSWDT DSWDTOSC_INT
